// Jest Snapshot v1, https://goo.gl/fbAQLP

exports[`renders main App 1`] = `
Object {
  "asFragment": [Function],
  "baseElement": <body>
    <div>
      <div
        class="col-md-4 mb-3 d-flex align-item-stretch"
      >
        <div
          class="card"
          style="width: 25rem; margin: 1rem;"
        >
          <img
            alt="profile"
            class="card-img-top"
            height="200rem"
            src="https://source.unsplash.com/random/200x200?sig=1"
            width="200rem"
          />
          <div
            class="card-body d-flex flex-column"
          >
            <h5
              class="card-title"
            >
              dummy
            </h5>
            <h6
              class="card-subtitle mb-2 text-muted"
            >
              test@gmail.com
            </h6>
            <a
              class="btn btn-primary mt-auto align-self-start"
              href="posts/1"
            >
              Post Details
            </a>
          </div>
        </div>
      </div>
    </div>
  </body>,
  "container": <div>
    <div
      class="col-md-4 mb-3 d-flex align-item-stretch"
    >
      <div
        class="card"
        style="width: 25rem; margin: 1rem;"
      >
        <img
          alt="profile"
          class="card-img-top"
          height="200rem"
          src="https://source.unsplash.com/random/200x200?sig=1"
          width="200rem"
        />
        <div
          class="card-body d-flex flex-column"
        >
          <h5
            class="card-title"
          >
            dummy
          </h5>
          <h6
            class="card-subtitle mb-2 text-muted"
          >
            test@gmail.com
          </h6>
          <a
            class="btn btn-primary mt-auto align-self-start"
            href="posts/1"
          >
            Post Details
          </a>
        </div>
      </div>
    </div>
  </div>,
  "debug": [Function],
  "findAllByAltText": [Function],
  "findAllByDisplayValue": [Function],
  "findAllByLabelText": [Function],
  "findAllByPlaceholderText": [Function],
  "findAllByRole": [Function],
  "findAllByTestId": [Function],
  "findAllByText": [Function],
  "findAllByTitle": [Function],
  "findByAltText": [Function],
  "findByDisplayValue": [Function],
  "findByLabelText": [Function],
  "findByPlaceholderText": [Function],
  "findByRole": [Function],
  "findByTestId": [Function],
  "findByText": [Function],
  "findByTitle": [Function],
  "getAllByAltText": [Function],
  "getAllByDisplayValue": [Function],
  "getAllByLabelText": [Function],
  "getAllByPlaceholderText": [Function],
  "getAllByRole": [Function],
  "getAllByTestId": [Function],
  "getAllByText": [Function],
  "getAllByTitle": [Function],
  "getByAltText": [Function],
  "getByDisplayValue": [Function],
  "getByLabelText": [Function],
  "getByPlaceholderText": [Function],
  "getByRole": [Function],
  "getByTestId": [Function],
  "getByText": [Function],
  "getByTitle": [Function],
  "queryAllByAltText": [Function],
  "queryAllByDisplayValue": [Function],
  "queryAllByLabelText": [Function],
  "queryAllByPlaceholderText": [Function],
  "queryAllByRole": [Function],
  "queryAllByTestId": [Function],
  "queryAllByText": [Function],
  "queryAllByTitle": [Function],
  "queryByAltText": [Function],
  "queryByDisplayValue": [Function],
  "queryByLabelText": [Function],
  "queryByPlaceholderText": [Function],
  "queryByRole": [Function],
  "queryByTestId": [Function],
  "queryByText": [Function],
  "queryByTitle": [Function],
  "rerender": [Function],
  "unmount": [Function],
}
`;
